Log file open, 06/03/26 10:09:18
LogTrace: Initializing trace...
LogTrace: Finished trace initialization.
LogInit: Session CrashGUID >====================================================
         Session CrashGUID >   UECC-Windows-70C908214BE640EB875C8D999475F126
         Session CrashGUID >====================================================
LogConfig: No local boot hotfix file found at: [../../../../../../Users/User/Documents/Unreal Projects/Nivel_inicial_Dicog/Saved/PersistentDownloadDir/HotfixForNextBoot.txt]
LogPluginManager: Mounting Engine plugin PlatformCrypto
LogInit: ExecutableName: UnrealPak.exe
LogInit: Build: ++UE5+Release-5.6-CL-44394996
LogInit: Platform=WindowsEditor
LogInit: MachineId=953a307a402ac84c8b8acfa4add27c66
LogInit: DeviceId=
LogInit: Engine Version: 5.6.1-44394996+++UE5+Release-5.6
LogInit: Compatible Engine Version: 5.6.0-43139311+++UE5+Release-5.6
LogInit: Net CL: 43139311
LogInit: OS: Windows 11 (25H2) [10.0.26200.8457] (), CPU: AMD Ryzen 5 5500U with Radeon Graphics         , GPU: AMD Radeon(TM) Graphics
LogInit: Compiled (64-bit): Jul 28 2025 21:09:38
LogInit: Architecture: x64
LogInit: Compiled with Visual C++: 19.38.33130.00
LogInit: Build Configuration: Development
LogInit: Branch Name: ++UE5+Release-5.6
LogInit: Command Line: -CreateGlobalContainer="C:\Users\User\Documents\Unreal Projects\Nivel_inicial_Dicog\Saved\StagedBuilds\Windows\Nivel_Inicial\Content\Paks\global.utoc" -PackageStoreManifest="C:\Users\User\Documents\Unreal Projects\Nivel_inicial_Dicog\Saved\Cooked\Windows\Nivel_Inicial\Metadata\packagestore.manifest" -CookedDirectory="C:\Users\User\Documents\Unreal Projects\Nivel_inicial_Dicog\Saved\Cooked\Windows" -Commands="C:\Users\User\AppData\Roaming\Unreal Engine\AutomationTool\Logs\C+Program+Files+Epic+Games+UE_5.6\IoStoreCommands.txt" -ScriptObjects="C:\Users\User\Documents\Unreal Projects\Nivel_inicial_Dicog\Saved\Cooked\Windows\Nivel_Inicial\Metadata\scriptobjects.bin" -patchpaddingalign=2048 -compressionformats=Oodle -compresslevel=4 -compressmethod=Kraken -cryptokeys="C:\Users\User\Documents\Unreal Projects\Nivel_inicial_Dicog\Saved\Cooked\Windows\Nivel_Inicial\Metadata\Crypto.json" -compressionMinBytesSaved=1024 -compressionMinPercentSaved=5 -WriteBackMetadataToAssetRegistry=Disabled -nopak
LogInit: Base Directory: C:/Program Files/Epic Games/UE_5.6/Engine/Binaries/Win64/
LogInit: Allocator: Mimalloc
LogInit: Installed Engine Build: 1
LogInit: This binary is optimized with LTO: no, PGO: no, instrumented for PGO data collection: no
LogDevObjectVersion: Number of dev versions registered: 35
LogDevObjectVersion:   Dev-Blueprints (B0D832E4-1F89-4F0D-ACCF-7EB736FD4AA2): 10
LogDevObjectVersion:   Dev-Build (E1C64328-A22C-4D53-A36C-8E866417BD8C): 0
LogDevObjectVersion:   Dev-Core (375EC13C-06E4-48FB-B500-84F0262A717E): 4
LogDevObjectVersion:   Dev-Editor (E4B068ED-F494-42E9-A231-DA0B2E46BB41): 40
LogDevObjectVersion:   Dev-Framework (CFFC743F-43B0-4480-9391-14DF171D2073): 37
LogDevObjectVersion:   Dev-Mobile (B02B49B5-BB20-44E9-A304-32B752E40360): 3
LogDevObjectVersion:   Dev-Networking (A4E4105C-59A1-49B5-A7C5-40C4547EDFEE): 0
LogDevObjectVersion:   Dev-Online (39C831C9-5AE6-47DC-9A44-9C173E1C8E7C): 0
LogDevObjectVersion:   Dev-Physics (78F01B33-EBEA-4F98-B9B4-84EACCB95AA2): 20
LogDevObjectVersion:   Dev-Platform (6631380F-2D4D-43E0-8009-CF276956A95A): 0
LogDevObjectVersion:   Dev-Rendering (12F88B9F-8875-4AFC-A67C-D90C383ABD29): 49
LogDevObjectVersion:   Dev-Sequencer (7B5AE74C-D270-4C10-A958-57980B212A5A): 13
LogDevObjectVersion:   Dev-VR (D7296918-1DD6-4BDD-9DE2-64A83CC13884): 3
LogDevObjectVersion:   Dev-LoadTimes (C2A15278-BFE7-4AFE-6C17-90FF531DF755): 1
LogDevObjectVersion:   Private-Geometry (6EACA3D4-40EC-4CC1-B786-8BED09428FC5): 3
LogDevObjectVersion:   Dev-AnimPhys (29E575DD-E0A3-4627-9D10-D276232CDCEA): 17
LogDevObjectVersion:   Dev-Anim (AF43A65D-7FD3-4947-9873-3E8ED9C1BB05): 15
LogDevObjectVersion:   Dev-ReflectionCapture (6B266CEC-1EC7-4B8F-A30B-E4D90942FC07): 1
LogDevObjectVersion:   Dev-Automation (0DF73D61-A23F-47EA-B727-89E90C41499A): 1
LogDevObjectVersion:   FortniteMain (601D1886-AC64-4F84-AA16-D3DE0DEAC7D6): 207
LogDevObjectVersion:   FortniteValkyrie (8DBC2C5B-54A7-43E0-A768-FCBB7DA29060): 8
LogDevObjectVersion:   FortniteSeason (5B4C06B7-2463-4AF8-805B-BF70CDF5D0DD): 13
LogDevObjectVersion:   FortniteRelease (E7086368-6B23-4C58-8439-1B7016265E91): 17
LogDevObjectVersion:   Dev-Enterprise (9DFFBCD6-494F-0158-E221-12823C92A888): 11
LogDevObjectVersion:   Dev-Niagara (F2AED0AC-9AFE-416F-8664-AA7FFA26D6FC): 1
LogDevObjectVersion:   Dev-Destruction (174F1F0B-B4C6-45A5-B13F-2EE8D0FB917D): 10
LogDevObjectVersion:   Dev-Physics-Ext (35F94A83-E258-406C-A318-09F59610247C): 41
LogDevObjectVersion:   Dev-PhysicsMaterial-Chaos (B68FC16E-8B1B-42E2-B453-215C058844FE): 1
LogDevObjectVersion:   Dev-CineCamera (B2E18506-4273-CFC2-A54E-F4BB758BBA07): 1
LogDevObjectVersion:   Dev-VirtualProduction (64F58936-FD1B-42BA-BA96-7289D5D0FA4E): 1
LogDevObjectVersion:   UE5-Main (697DD581-E64F-41AB-AA4A-51ECBEB7B628): 121
LogDevObjectVersion:   UE5-Release (D89B5E42-24BD-4D46-8412-ACA8DF641779): 56
LogDevObjectVersion:   UE5-SpecialProject (59DA5D52-1232-4948-B878-597870B8E98B): 9
LogDevObjectVersion:   Dev-MediaFramework (6F0ED827-A609-4895-9C91-998D90180EA4): 2
LogDevObjectVersion:   Dev-NaniteResearch (30D58BE3-95EA-4282-A6E3-B159D8EBB06A): 1
LogInit: Presizing for max 100000 objects, including 0 objects not considered by GC.
LogInit: Object subsystem initialized
LogConfig: Applying CVar settings from Section [Startup] File [../../../Engine/Config/ConsoleVariables.ini]
LogConfig: CVar [[r.DumpShaderDebugInfo:2]] deferred - dummy variable created
LogConfig: CVar [[p.chaos.AllowCreatePhysxBodies:1]] deferred - dummy variable created
LogConfig: CVar [[fx.SkipVectorVMBackendOptimizations:1]] deferred - dummy variable created
LogConfig: CVar [[ds.CADTranslator.Meshing.ActivateThinZoneMeshing:0]] deferred - dummy variable created
[2026.06.03-15.09.18:067][  0]LogConfig: CVar [[ds.CADTranslator.Stitching.RemoveThinFaces:0]] deferred - dummy variable created
[2026.06.03-15.09.18:067][  0]LogConfig: Applying CVar settings from Section [Startup_Windows] File [../../../Engine/Config/ConsoleVariables.ini]
[2026.06.03-15.09.18:067][  0]LogConfig: Applying CVar settings from Section [ConsoleVariables] File [Engine]
[2026.06.03-15.09.18:067][  0]LogInit: Computer: DESKTOP-LAC0AKT
[2026.06.03-15.09.18:067][  0]LogInit: User: User
[2026.06.03-15.09.18:067][  0]LogInit: CPU Page size=4096, Cores=6
[2026.06.03-15.09.18:067][  0]LogInit: High frequency timer resolution =10.000000 MHz
[2026.06.03-15.09.18:067][  0]LogMemory: Process is running as part of a Windows Job with separate resource limits
[2026.06.03-15.09.18:068][  0]LogMemory: Memory total: Physical=13.8GB (14GB approx) Virtual=29.4GB
[2026.06.03-15.09.18:068][  0]LogMemory: Platform Memory Stats for WindowsEditor
[2026.06.03-15.09.18:068][  0]LogMemory: Process Physical Memory: 65.35 MB used, 65.35 MB peak
[2026.06.03-15.09.18:068][  0]LogMemory: Process Virtual Memory: 119.59 MB used, 119.59 MB peak
[2026.06.03-15.09.18:068][  0]LogMemory: Physical Memory: 9354.28 MB used,  4827.21 MB free, 14181.49 MB total
[2026.06.03-15.09.18:068][  0]LogMemory: Virtual Memory: 25295.45 MB used,  4763.99 MB free, 30059.44 MB total
[2026.06.03-15.09.18:079][  0]LogAssetRegistry: FAssetRegistry took 0.0002 seconds to start up
[2026.06.03-15.09.18:081][  0]LogUObjectArray: 462 objects as part of root set at end of initial load.
[2026.06.03-15.09.18:081][  0]LogUObjectArray: CloseDisregardForGC: 0/0 objects in disregard for GC pool
[2026.06.03-15.09.18:081][  0]LogInit: Using OS detected language ().
[2026.06.03-15.09.18:081][  0]LogInit: Using OS detected locale ().
[2026.06.03-15.09.18:083][  0]LogTextLocalizationManager: No localization for '' exists, so 'en' will be used for the language.
[2026.06.03-15.09.18:084][  0]LogTextLocalizationManager: No localization for '' exists, so 'en' will be used for the locale.
[2026.06.03-15.09.18:084][  0]LogInit: Using OS detected language ().
[2026.06.03-15.09.18:084][  0]LogInit: Using OS detected locale ().
[2026.06.03-15.09.18:084][  0]LogTextLocalizationManager: No localization for '' exists, so 'en' will be used for the language.
[2026.06.03-15.09.18:084][  0]LogTextLocalizationManager: No localization for '' exists, so 'en' will be used for the locale.
[2026.06.03-15.09.18:084][  0]LogPakFile: Display: ProjectDir: ../../../../../../Users/User/Documents/Unreal Projects/Nivel_inicial_Dicog/
[2026.06.03-15.09.18:085][  0]LogIoStore: Display: ==================== IoStore Utils ====================
[2026.06.03-15.09.18:089][  0]LogIoStore: Display: Parsing crypto keys from a crypto key cache file 'C:\Users\User\Documents\Unreal Projects\Nivel_inicial_Dicog\Saved\Cooked\Windows\Nivel_Inicial\Metadata\Crypto.json'
[2026.06.03-15.09.18:099][  0]LogIoStore: Display: Container signing - DISABLED
[2026.06.03-15.09.18:099][  0]LogIoStore: Display: Directory index - ENABLED
[2026.06.03-15.09.18:099][  0]LogIoStore: Display: Using compression format 'Oodle'
[2026.06.03-15.09.18:099][  0]LogIoStore: Display: Using memory mapping alignment '16384'
[2026.06.03-15.09.18:099][  0]LogIoStore: Display: Using compression block size '65536'
[2026.06.03-15.09.18:099][  0]LogIoStore: Display: Using compression block alignment '2048'
[2026.06.03-15.09.18:099][  0]LogIoStore: Display: Using compression min bytes saved '1024'
[2026.06.03-15.09.18:099][  0]LogIoStore: Display: Using compression min percent saved '5'
[2026.06.03-15.09.18:099][  0]LogIoStore: Display: Using max partition size '0'
[2026.06.03-15.09.18:099][  0]LogIoStore: Display: Not using DDC for compression
[2026.06.03-15.09.18:099][  0]LogIoStore: Display: Using command list file: 'C:\Users\User\AppData\Roaming\Unreal Engine\AutomationTool\Logs\C+Program+Files+Epic+Games+UE_5.6\IoStoreCommands.txt'
[2026.06.03-15.09.18:151][  0]LogIoStore: Display: Selected Oodle level 4 (Normal) from command line for shaders
[2026.06.03-15.09.18:153][  0]LogIoStore: Display: Fetched 749 oplog items from Manifest in 0.00 seconds
[2026.06.03-15.09.18:161][  0]LogIoStore: Display: Parsed 749 oplog items 0.01 seconds, 897 chunks
[2026.06.03-15.09.18:180][  0]LogIoStore: Display: Using input asset registry: C:/Users/User/Documents/Unreal Projects/Nivel_inicial_Dicog/Saved/Cooked/Windows/Nivel_Inicial/Metadata/DevelopmentAssetRegistry.bin
[2026.06.03-15.09.18:197][  0]LogIoStore: Display: Loaded 156 chunk hashes from AssetRegistry in 0.03 seconds, 156 hashes updated in 0.00 seconds
[2026.06.03-15.09.18:207][  0]LogIoStore: Display: Searching for cooked assets in folder 'C:\Users\User\Documents\Unreal Projects\Nivel_inicial_Dicog\Saved\Cooked\Windows'
[2026.06.03-15.09.18:262][  0]LogIoStore: Display: Found '1646' files
[2026.06.03-15.09.18:306][  0]LogIoStore: Display: Creating container targets...
[2026.06.03-15.09.18:316][  0]OodleDataCompression: Display: Oodle v2.9.13 format for pak/iostore with method=Kraken, level=4=Normal
[2026.06.03-15.09.18:406][  0]LogIoStore: Display: Parsing packages...
[2026.06.03-15.09.18:406][  0]LogIoStore: Display: Reading package assets...
[2026.06.03-15.09.18:490][  0]LogIoStore: Display: Packages read 741 files in 0.08 seconds, 1,418,628 total bytes, 17,054,712 bytes per second
[2026.06.03-15.09.18:506][  0]LogIoStore: Display: Processing shader libraries, compressing with Oodle Mermaid, level 4 (Normal)
[2026.06.03-15.09.18:552][  0]LogShaderLibrary: Display: Created IoStoreShaderArchive header: shaders grouped in 379 groups (139 of them didn't need new indices), average uncompressed size 150965 bytes, min 249 bytes, max 1048075 bytes (r.ShaderCodeLibrary.MaxShaderGroupSize=1048576)
[2026.06.03-15.09.18:977][  0]LogIoStore: Display: Global-PCD3D_SM5(PCD3D_SM5): Recompressed 4106 shaders as 379 groups. Library size changed from 12766 KB (4.38 : 1 ratio) to 5612 KB (9.96 : 1 ratio), 43.96% of previous.
[2026.06.03-15.09.19:425][  0]LogShaderLibrary: Display: Created IoStoreShaderArchive header: shaders grouped in 636 groups (187 of them didn't need new indices), average uncompressed size 298237 bytes, min 1249 bytes, max 1045520 bytes (r.ShaderCodeLibrary.MaxShaderGroupSize=1048576)
[2026.06.03-15.09.23:965][  0]LogIoStore: Display: Global-PCD3D_SM6(PCD3D_SM6): Recompressed 10691 shaders as 636 groups. Library size changed from 140593 KB (1.32 : 1 ratio) to 82364 KB (2.25 : 1 ratio), 58.58% of previous.
[2026.06.03-15.09.23:990][  0]LogShaderLibrary: Display: Created IoStoreShaderArchive header: shaders grouped in 196 groups (92 of them didn't need new indices), average uncompressed size 66521 bytes, min 490 bytes, max 966610 bytes (r.ShaderCodeLibrary.MaxShaderGroupSize=1048576)
[2026.06.03-15.09.24:082][  0]LogIoStore: Display: Nivel_Inicial-PCD3D_SM5(PCD3D_SM5): Recompressed 1206 shaders as 196 groups. Library size changed from 3515 KB (3.62 : 1 ratio) to 1525 KB (8.35 : 1 ratio), 43.40% of previous.
[2026.06.03-15.09.24:110][  0]LogShaderLibrary: Display: Created IoStoreShaderArchive header: shaders grouped in 224 groups (58 of them didn't need new indices), average uncompressed size 133315 bytes, min 2342 bytes, max 967464 bytes (r.ShaderCodeLibrary.MaxShaderGroupSize=1048576)
[2026.06.03-15.09.24:752][  0]LogIoStore: Display: Nivel_Inicial-PCD3D_SM6(PCD3D_SM6): Recompressed 2364 shaders as 224 groups. Library size changed from 22322 KB (1.31 : 1 ratio) to 14679 KB (1.99 : 1 ratio), 65.76% of previous.
[2026.06.03-15.09.24:759][  0]LogIoStore: Display: Shaders processed in 6.25 seconds
[2026.06.03-15.09.24:762][  0]LogIoStore: Display: Initialized WriteRequestManager with MaxConcurrentSourceReads=6 (12 cores), MaxSourceBufferMemory=3072MiB
[2026.06.03-15.09.24:770][  0]LogIoStore: Display: Processing redirects...
[2026.06.03-15.09.24:771][  0]LogIoStore: Display: Creating disk layout...
[2026.06.03-15.09.24:774][  0]LogIoStore: Display: Ordered 741 packages using fallback bundle order
[2026.06.03-15.09.24:810][  0]LogIoStore: Display: Serializing container(s)...
[2026.06.03-15.09.26:824][  0]LogIoStore: Display: Writing chunks 1473/2337... [260 compressed] [1887 compression tasks] [Physical: 959 MiB, Virtual: 3755 MiB]
[2026.06.03-15.09.28:849][  0]LogIoStore: Display: Writing chunks 2200/2337... [761 compressed] [566 compression tasks] [Physical: 934 MiB, Virtual: 3559 MiB]
[2026.06.03-15.09.30:069][  0]LogIoStore: Display: Writing and compressing took 4.54 seconds, writes to disk took 1.78 seconds for 336,706,080 bytes @ 188,836,736 bytes per second.
[2026.06.03-15.09.30:069][  0]LogIoStore: Display: global: Found perfect hashmap for 1 items.
[2026.06.03-15.09.30:073][  0]LogIoStore: Display: Nivel_Inicial-Windows: Found perfect hashmap for 2336 items.
[2026.06.03-15.09.30:102][  0]LogIoStore: Display: Finalize took 0.0 seconds for 2 writers to write 276,872 bytes, 8,672,793 bytes per second
[2026.06.03-15.09.30:102][  0]LogIoStore: Display: Writing tocs... [Physical: 869 MiB, Virtual: 3447 MiB]
[2026.06.03-15.09.30:102][  0]LogIoStore: Display: 156 / 2,337 hashes were loaded from the hash database, by type:
[2026.06.03-15.09.30:102][  0]LogIoStore: Display:     BulkData                   156
[2026.06.03-15.09.30:103][  0]LogIoStore: Display: 897 / 2,337 chunks attempted to compress, by type:
[2026.06.03-15.09.30:103][  0]LogIoStore: Display:     ExportBundleData           741 / 741
[2026.06.03-15.09.30:103][  0]LogIoStore: Display:     BulkData                   156 / 156
[2026.06.03-15.09.30:103][  0]LogIoStore: Display:     ScriptObjects              0 / 1
[2026.06.03-15.09.30:103][  0]LogIoStore: Display:     ContainerHeader            0 / 1
[2026.06.03-15.09.30:103][  0]LogIoStore: Display:     ShaderCodeLibrary          0 / 4
[2026.06.03-15.09.30:103][  0]LogIoStore: Display:     ShaderCode                 0 / 1,434
[2026.06.03-15.09.30:103][  0]LogIoStore: Display: Source bytes read:
[2026.06.03-15.09.30:103][  0]LogIoStore: Display:     Zen:                                  0
[2026.06.03-15.09.30:103][  0]LogIoStore: Display:     Loose File:                 680,535,685
[2026.06.03-15.09.30:103][  0]LogIoStore: Display:         ExportBundleData        512,548,750 bytes over 1,482 reads
[2026.06.03-15.09.30:103][  0]LogIoStore: Display:         BulkData                167,986,935 bytes over 156 reads
[2026.06.03-15.09.30:103][  0]LogIoStore: Display:     Memory:                     214,835,590
[2026.06.03-15.09.30:103][  0]LogIoStore: Display:         ShaderCodeLibrary         1,471,632 bytes over 8 reads
[2026.06.03-15.09.30:103][  0]LogIoStore: Display:         ShaderCode              213,363,958 bytes over 2,868 reads
[2026.06.03-15.09.30:103][  0]LogIoStore: Display: Calculating stats...
[2026.06.03-15.09.30:104][  0]LogIoStore: Display: 
[2026.06.03-15.09.30:104][  0]LogIoStore: Display: Container Summary
[2026.06.03-15.09.30:104][  0]LogIoStore: Display: ==================
[2026.06.03-15.09.30:104][  0]LogIoStore: Display: 
[2026.06.03-15.09.30:104][  0]LogIoStore: Display: Container                                               Flags      Chunk(s) #       TOC (KiB)       Raw Size (MiB)           Size (MiB)
[2026.06.03-15.09.30:104][  0]LogIoStore: Display: ----------------------------------------------------------------------------------------------------------------------------------------------
[2026.06.03-15.09.30:104][  0]LogIoStore: Display: global                                              -/-/-/-/-               1            0.67                 2.54                 2.54 -
[2026.06.03-15.09.30:104][  0]LogIoStore: Display: Nivel_Inicial-Windows                               C/-/-/I/-            2336          269.71               509.61               318.57 (37.49% Oodle)
[2026.06.03-15.09.30:104][  0]LogIoStore: Display: ----------------------------------------------------------------------------------------------------------------------------------------------
[2026.06.03-15.09.30:104][  0]LogIoStore: Display: Total                                                                    2337          270.38               512.15               321.11
[2026.06.03-15.09.30:104][  0]LogIoStore: Display: 
[2026.06.03-15.09.30:104][  0]LogIoStore: Display: ** Flags: (C)ompressed / (E)ncrypted / (S)igned) / (I)ndexed) / (O)nDemand **
[2026.06.03-15.09.30:104][  0]LogIoStore: Display: 
[2026.06.03-15.09.30:104][  0]LogIoStore: Display: Compression block padding:     1.68 MiB
[2026.06.03-15.09.30:104][  0]LogIoStore: Display: 
[2026.06.03-15.09.30:104][  0]LogIoStore: Display: Container Directory Index
[2026.06.03-15.09.30:104][  0]LogIoStore: Display: ==========================
[2026.06.03-15.09.30:104][  0]LogIoStore: Display: 
[2026.06.03-15.09.30:104][  0]LogIoStore: Display: Container                                          Size (KiB)
[2026.06.03-15.09.30:104][  0]LogIoStore: Display: ----------------------------------------------------------------------------------------------------------------------------------------------
[2026.06.03-15.09.30:104][  0]LogIoStore: Display: global                                                   0.00
[2026.06.03-15.09.30:104][  0]LogIoStore: Display: Nivel_Inicial-Windows                                   43.44
[2026.06.03-15.09.30:104][  0]LogIoStore: Display: 
[2026.06.03-15.09.30:104][  0]LogIoStore: Display: Container Patch Report
[2026.06.03-15.09.30:104][  0]LogIoStore: Display: ========================
[2026.06.03-15.09.30:104][  0]LogIoStore: Display: 
[2026.06.03-15.09.30:104][  0]LogIoStore: Display: Container                                             Total #       Modified #          Added #   Modified (MiB)      Added (MiB)
[2026.06.03-15.09.30:104][  0]LogIoStore: Display: ----------------------------------------------------------------------------------------------------------------------------------------------
[2026.06.03-15.09.30:104][  0]LogIoStore: Display: global                                                      1                0                0             0.00             0.00
[2026.06.03-15.09.30:104][  0]LogIoStore: Display: Nivel_Inicial-Windows                                    2336                0             2336             0.00           316.89
[2026.06.03-15.09.30:104][  0]LogIoStore: Display: 
[2026.06.03-15.09.30:104][  0]LogIoStore: Display: PackageStore
[2026.06.03-15.09.30:104][  0]LogIoStore: Display: =============
[2026.06.03-15.09.30:104][  0]LogIoStore: Display: 
[2026.06.03-15.09.30:104][  0]LogIoStore: Display: Container                                          Size (KiB)      Packages #     Localized #
[2026.06.03-15.09.30:104][  0]LogIoStore: Display: ----------------------------------------------------------------------------------------------------------------------------------------------
[2026.06.03-15.09.30:104][  0]LogIoStore: Display: Nivel_Inicial-Windows                                      25             741               0
[2026.06.03-15.09.30:104][  0]LogIoStore: Display: ----------------------------------------------------------------------------------------------------------------------------------------------
[2026.06.03-15.09.30:104][  0]LogIoStore: Display: Total                                                      25             741               0
[2026.06.03-15.09.30:104][  0]LogIoStore: Display: 
[2026.06.03-15.09.30:104][  0]LogIoStore: Display: 
[2026.06.03-15.09.30:104][  0]LogIoStore: Display: Input:       741 Packages
[2026.06.03-15.09.30:104][  0]LogIoStore: Display: Input:      0.24 GB UExp
[2026.06.03-15.09.30:104][  0]LogIoStore: Display: Input:      0.00 GB UAsset
[2026.06.03-15.09.30:104][  0]LogIoStore: Display: Input:      0.16 GB UBulk
[2026.06.03-15.09.30:104][  0]LogIoStore: Display: Input:     85.91 MB for 1015 Global shaders
[2026.06.03-15.09.30:104][  0]LogIoStore: Display: Input:      1.70 MB for 178 Shared shaders
[2026.06.03-15.09.30:104][  0]LogIoStore: Display: Input:      0.00 MB for 0 Unique shaders
[2026.06.03-15.09.30:104][  0]LogIoStore: Display: Input:     14.13 MB for 241 Inline shaders
[2026.06.03-15.09.30:104][  0]LogIoStore: Display: 
[2026.06.03-15.09.30:104][  0]LogIoStore: Display: Output:     9906 Name map entries
[2026.06.03-15.09.30:104][  0]LogIoStore: Display: Output:     1086 Imported package entries
[2026.06.03-15.09.30:106][  0]LogIoStore: Display: Output:      392 Packages without imports
[2026.06.03-15.09.30:106][  0]LogIoStore: Display: Output:        0 Public runtime script objects
[2026.06.03-15.09.30:106][  0]LogIoStore: Display: Output:     0.00 GB HeaderData
[2026.06.03-15.09.30:106][  0]LogIoStore: Display: Output:     2.54 MB InitialLoadData
[2026.06.03-15.09.30:106][  0]LogIoStore: Display: 
[2026.06.03-15.09.30:128][  0]LogPakFile: Display: UnrealPak executed in 12.044655 seconds
[2026.06.03-15.09.30:140][  0]LogCore: Engine exit requested (reason: UnrealPak Exiting)
[2026.06.03-15.09.30:140][  0]LogExit: Preparing to exit.
[2026.06.03-15.09.30:143][  0]LogExit: Object subsystem successfully closed.
[2026.06.03-15.09.30:144][  0]LogPakFile: Destroying PakPlatformFile
[2026.06.03-15.09.30:147][  0]LogExit: Exiting.
[2026.06.03-15.09.30:162][  0]Log file closed, 06/03/26 10:09:30
